Sat Nov 19 2022 00:13:36 GMT+0000 (Coordinated Universal Time)
Sun Nov 20 2022 06:20:12 GMT+0000 (Coordinated Universal Time)
Sun Nov 20 2022 06:21:10 GMT+0000 (Coordinated Universal Time)
Sun Nov 20 2022 06:21:13 GMT+0000 (Coordinated Universal Time)
Sun Nov 20 2022 06:22:02 GMT+0000 (Coordinated Universal Time)
Sun Nov 20 2022 06:22:28 GMT+0000 (Coordinated Universal Time)
Sun Nov 20 2022 06:22:30 GMT+0000 (Coordinated Universal Time)
Sun Nov 20 2022 06:22:31 GMT+0000 (Coordinated Universal Time)
Sun Nov 20 2022 06:22:32 GMT+0000 (Coordinated Universal Time)
Sun Nov 20 2022 06:22:33 GMT+0000 (Coordinated Universal Time)
Sun Nov 20 2022 06:22:41 GMT+0000 (Coordinated Universal Time)
Sun Nov 20 2022 06:22:42 GMT+0000 (Coordinated Universal Time)
Sun Nov 20 2022 06:22:43 GMT+0000 (Coordinated Universal Time)
Sun Nov 20 2022 06:22:44 GMT+0000 (Coordinated Universal Time)
Sun Nov 20 2022 06:22:45 GMT+0000 (Coordinated Universal Time)
Sun Nov 20 2022 06:22:46 GMT+0000 (Coordinated Universal Time)
Sun Nov 20 2022 06:22:48 GMT+0000 (Coordinated Universal Time)
Sun Nov 20 2022 06:22:49 GMT+0000 (Coordinated Universal Time)
Sun Nov 20 2022 06:22:50 GMT+0000 (Coordinated Universal Time)
Sun Nov 20 2022 06:22:51 GMT+0000 (Coordinated Universal Time)
Sun Nov 20 2022 06:22:52 GMT+0000 (Coordinated Universal Time)
Sun Nov 20 2022 06:22:53 GMT+0000 (Coordinated Universal Time)
Sun Nov 20 2022 06:22:57 GMT+0000 (Coordinated Universal Time)
Sun Nov 20 2022 06:37:41 GMT+0000 (Coordinated Universal Time)
Sun Nov 20 2022 06:38:02 GMT+0000 (Coordinated Universal Time)
Sun Nov 20 2022 06:40:00 GMT+0000 (Coordinated Universal Time)
Sun Nov 20 2022 06:40:17 GMT+0000 (Coordinated Universal Time)
Sun Nov 20 2022 06:50:51 GMT+0000 (Coordinated Universal Time)
Sun Nov 20 2022 06:51:13 GMT+0000 (Coordinated Universal Time)
Sun Nov 20 2022 06:54:07 GMT+0000 (Coordinated Universal Time)
Sun Nov 20 2022 06:54:09 GMT+0000 (Coordinated Universal Time)
Sun Nov 20 2022 06:56:03 GMT+0000 (Coordinated Universal Time)
Sun Nov 20 2022 07:11:37 GMT+0000 (Coordinated Universal Time)
Sun Nov 20 2022 07:46:35 GMT+0000 (Coordinated Universal Time)
Sun Nov 20 2022 07:46:40 GMT+0000 (Coordinated Universal Time)
Sun Nov 20 2022 07:46:41 GMT+0000 (Coordinated Universal Time)
Sun Nov 20 2022 07:50:57 GMT+0000 (Coordinated Universal Time)
Sun Nov 20 2022 07:51:03 GMT+0000 (Coordinated Universal Time)
Sun Nov 20 2022 07:51:19 GMT+0000 (Coordinated Universal Time)
Sun Nov 20 2022 07:51:22 GMT+0000 (Coordinated Universal Time)
Sun Nov 20 2022 07:51:24 GMT+0000 (Coordinated Universal Time)
Sun Nov 20 2022 07:51:28 GMT+0000 (Coordinated Universal Time)
Sun Nov 20 2022 07:51:42 GMT+0000 (Coordinated Universal Time)
Sun Nov 20 2022 07:51:47 GMT+0000 (Coordinated Universal Time)
Sun Nov 20 2022 07:51:54 GMT+0000 (Coordinated Universal Time)
Sun Nov 20 2022 07:52:06 GMT+0000 (Coordinated Universal Time)
Sun Nov 20 2022 07:52:08 GMT+0000 (Coordinated Universal Time)
Sun Nov 20 2022 07:52:27 GMT+0000 (Coordinated Universal Time)
Sun Nov 20 2022 07:52:38 GMT+0000 (Coordinated Universal Time)
Sun Nov 20 2022 07:52:50 GMT+0000 (Coordinated Universal Time)
Sun Nov 20 2022 07:52:55 GMT+0000 (Coordinated Universal Time)
Sun Nov 20 2022 07:53:13 GMT+0000 (Coordinated Universal Time)
Sun Nov 20 2022 07:53:20 GMT+0000 (Coordinated Universal Time)
Sun Nov 20 2022 07:53:33 GMT+0000 (Coordinated Universal Time)
Sun Nov 20 2022 07:53:38 GMT+0000 (Coordinated Universal Time)
Sun Nov 20 2022 07:53:39 GMT+0000 (Coordinated Universal Time)
Sun Nov 20 2022 07:59:17 GMT+0000 (Coordinated Universal Time)
Sun Nov 20 2022 07:59:24 GMT+0000 (Coordinated Universal Time)
